[36mvite v8.3.0 [32mbuilding client environment for production...[36m[39m
transforming...
✓ 58 modules transformed.
[31m✗[39m Build failed in 86ms
[31merror during build:
[31mBuild failed with 2 errors:

[31m[builtin:vite-transform] [0mUnexpected token
     [38;5;246m╭[0m[38;5;246m─[0m[38;5;246m[[0m src/screens/PlayScreen.jsx:324:5 [38;5;246m][0m
     [38;5;246m│[0m
 [38;5;246m324 │[0m [38;5;249m [0m[38;5;249m [0m[38;5;249m [0m[38;5;249m [0m)[38;5;249m;[0m
 [38;5;240m    │[0m     ┬  
 [38;5;240m    │[0m     ╰── 
[38;5;246m─────╯[0m

[31m[builtin:vite-transform] [0mUnexpected token
     [38;5;246m╭[0m[38;5;246m─[0m[38;5;246m[[0m src/screens/AdminScreen.jsx:216:6 [38;5;246m][0m
     [38;5;246m│[0m
 [38;5;246m216 │[0m [38;5;249m [0m[38;5;249m [0m[38;5;249m [0m[38;5;249m [0m[38;5;249m<[0m/[38;5;249md[0m[38;5;249mi[0m[38;5;249mv[0m[38;5;249m>[0m
 [38;5;240m    │[0m      ┬  
 [38;5;240m    │[0m      ╰── 
[38;5;246m─────╯[0m
[31m
    at aggregateBindingErrorsIntoJsError (file:///C:/Users/Lenovo/Documents/spotlight/node_modules/rolldown/dist/shared/error-CGhV1ebk.mjs:48:18)
    at unwrapBindingResult (file:///C:/Users/Lenovo/Documents/spotlight/node_modules/rolldown/dist/shared/error-CGhV1ebk.mjs:18:128)
    at #build (file:///C:/Users/Lenovo/Documents/spotlight/node_modules/rolldown/dist/shared/rolldown-Ld3ZGGCt.mjs:133:34)
    at async buildEnvironment (file:///C:/Users/Lenovo/Documents/spotlight/node_modules/vite/dist/node/chunks/node.js:34082:66)
    at async Object.build (file:///C:/Users/Lenovo/Documents/spotlight/node_modules/vite/dist/node/chunks/node.js:34503:19)
    at async Object.buildApp (file:///C:/Users/Lenovo/Documents/spotlight/node_modules/vite/dist/node/chunks/node.js:34500:153)
    at async CAC.<anonymous> (file:///C:/Users/Lenovo/Documents/spotlight/node_modules/vite/dist/node/cli.js:780:3) {
  errors: [Getter/Setter]
}[39m
